error: use `into_iter` instead of `drain` for iterating all elements by value in a container
  --> $DIR/iter_with_drain.rs:6:34
   |
LL |     let mut a: BinaryHeap<_> = a.drain(..).collect();
   |                                  ^^^^^^^^^ help: try this: `into_iter()`
   |
   = note: `-D clippy::iter-with-drain` implied by `-D warnings`

error: use `into_iter` instead of `drain` for iterating all elements by value in a container
  --> $DIR/iter_with_drain.rs:9:27
   |
LL |     let mut a: Vec<_> = a.drain(..).collect();
   |                           ^^^^^^^^^ help: try this: `into_iter()`

error: use `into_iter` instead of `drain` for iterating all elements by value in a container
  --> $DIR/iter_with_drain.rs:10:34
   |
LL |     let mut a: HashMap<_, _> = a.drain(..).map(|x| (x.clone(), x)).collect();
   |                                  ^^^^^^^^^ help: try this: `into_iter()`

error: use `into_iter` instead of `drain` for iterating all elements by value in a container
  --> $DIR/iter_with_drain.rs:16:34
   |
LL |     let mut a: BinaryHeap<_> = a.drain(0..).collect();
   |                                  ^^^^^^^^^^ help: try this: `into_iter()`

error: use `into_iter` instead of `drain` for iterating all elements by value in a container
  --> $DIR/iter_with_drain.rs:19:27
   |
LL |     let mut a: Vec<_> = a.drain(..a.len()).collect();
   |                           ^^^^^^^^^^^^^^^^ help: try this: `into_iter()`

error: use `into_iter` instead of `drain` for iterating all elements by value in a container
  --> $DIR/iter_with_drain.rs:20:34
   |
LL |     let mut a: HashMap<_, _> = a.drain(0..a.len()).map(|x| (x.clone(), x)).collect();
   |                                  ^^^^^^^^^^^^^^^^^ help: try this: `into_iter()`

error: aborting due to 6 previous errors

